---
source: tket2/src/portmatching/pattern.rs
expression: circ.try_to_constraint_vec().unwrap()
---
[
    IsOp { op: CX }(PatternOpPosition { qubit: CircuitPath(), op_idx: 0 }),
    SameOp { arity: 2 }(PatternOpPosition { qubit: CircuitPath(), op_idx: 0 }, PatternOpPosition { qubit: CircuitPath(01), op_idx: 0 }),
    Link { out_port: 0, in_port: 0 }(PatternOpPosition { qubit: CircuitPath(), op_idx: 0 }, PatternOpPosition { qubit: CircuitPath(), op_idx: 1 }),
    IsOp { op: H }(PatternOpPosition { qubit: CircuitPath(), op_idx: 1 }),
    DistinctQubits { n_qubits: 2 }(PatternOpPosition { qubit: CircuitPath(01), op_idx: 0 }, PatternOpPosition { qubit: CircuitPath(), op_idx: 0 }),
]
