---
source: tket/src/resource.rs
expression: info
---
Found 2 copyable wires
Found 4 resource paths:
  - ResourceId(0):
    * H(Node(7)) [IncomingPort(0) -> OutgoingPort(0)]
    * CX(Node(11)) [IncomingPort(0) -> OutgoingPort(0)]
    * Rz(Node(13)) [IncomingPort(0) -> OutgoingPort(0)]
    * Rz(Node(20)) [IncomingPort(0) -> OutgoingPort(0)]

  - ResourceId(1):
    * H(Node(8)) [IncomingPort(0) -> OutgoingPort(0)]
    * CX(Node(11)) [IncomingPort(1) -> OutgoingPort(1)]
    * Rz(Node(14)) [IncomingPort(0) -> OutgoingPort(0)]
    * Rz(Node(21)) [IncomingPort(0) -> OutgoingPort(0)]

  - ResourceId(2):
    * H(Node(9)) [IncomingPort(0) -> OutgoingPort(0)]
    * CX(Node(12)) [IncomingPort(0) -> OutgoingPort(0)]
    * Rz(Node(16)) [IncomingPort(0) -> OutgoingPort(0)]
    * Rz(Node(23)) [IncomingPort(0) -> OutgoingPort(0)]

  - ResourceId(3):
    * H(Node(10)) [IncomingPort(0) -> OutgoingPort(0)]
    * CX(Node(12)) [IncomingPort(1) -> OutgoingPort(1)]
    * Rz(Node(17)) [IncomingPort(0) -> OutgoingPort(0)]
    * Rz(Node(24)) [IncomingPort(0) -> OutgoingPort(0)]
