---
source: tket-qsystem/src/llvm/qsystem.rs
expression: mod_str
---
; ModuleID = 'test_context'
source_filename = "test_context"

define private i64 @_hl.main.1(i64 %0) {
alloca_block:
  br label %entry_block

entry_block:                                      ; preds = %alloca_block
  call void @___reset(i64 %0)
  ret i64 %0
}

declare void @___reset(i64)
