---
source: tket-qsystem/src/llvm/random.rs
expression: mod_str
---
; ModuleID = 'test_context'
source_filename = "test_context"

define private { double, {} } @_hl.main.1({} %0) {
alloca_block:
  br label %entry_block

entry_block:                                      ; preds = %alloca_block
  %rfloat = call double @random_float()
  %mrv = insertvalue { double, {} } undef, double %rfloat, 0
  %mrv6 = insertvalue { double, {} } %mrv, {} zeroinitializer, 1
  ret { double, {} } %mrv6
}

declare double @random_float()
