---
source: tket-qsystem/src/llvm/random.rs
expression: mod_str
---
; ModuleID = 'test_context'
source_filename = "test_context"

define private void @_hl.main.1({} %0) {
alloca_block:
  %"2_0" = alloca {}, align 8
  br label %entry_block

entry_block:                                      ; preds = %alloca_block
  store {} %0, {}* %"2_0", align 1
  %"2_01" = load {}, {}* %"2_0", align 1
  ret void
}
