---
source: tket-qsystem/src/llvm/prelude.rs
expression: mod_str
---
; ModuleID = 'test_context'
source_filename = "test_context"

@e_PANIC.DF25FD88.0 = private constant [15 x i8] c"\0EEXIT:INT:PANIC"

define private { i64, i64 } @_hl.main.1(i64 %0, i64 %1) {
alloca_block:
  br label %entry_block

entry_block:                                      ; preds = %alloca_block
  %2 = extractvalue { i32, i8* } { i32 42, i8* getelementptr inbounds ([15 x i8], [15 x i8]* @e_PANIC.DF25FD88.0, i32 0, i32 0) }, 0
  %shift_code = add i32 %2, 1000
  %3 = extractvalue { i32, i8* } { i32 42, i8* getelementptr inbounds ([15 x i8], [15 x i8]* @e_PANIC.DF25FD88.0, i32 0, i32 0) }, 1
  call void @panic(i32 %shift_code, i8* %3)
  %mrv = insertvalue { i64, i64 } undef, i64 0, 0
  %mrv8 = insertvalue { i64, i64 } %mrv, i64 0, 1
  ret { i64, i64 } %mrv8
}

; Function Attrs: noreturn
declare void @panic(i32, i8*) #0

attributes #0 = { noreturn }
