---
source: tket-qsystem/src/llvm/random.rs
expression: mod_str
---
; ModuleID = 'test_context'
source_filename = "test_context"

define private i1 @_hl.main.1(i64 %0) {
alloca_block:
  br label %entry_block

entry_block:                                      ; preds = %alloca_block
  call void @random_seed(i64 %0)
  ret i1 true
}

declare void @random_seed(i64)
